$ cd /workspace/shadcn-ui
$ pnpm add xlsx lucide-react date-fns

Progress: resolved 1, reused 0, downloaded 0, added 0
Progress: resolved 1, reused 1, downloaded 0, added 0
Progress: resolved 47, reused 46, downloaded 0, added 0
Progress: resolved 264, reused 263, downloaded 1, added 0
Progress: resolved 498, reused 416, downloaded 9, added 0
 WARN  1 deprecated subdependencies found: rollup-plugin-terser@7.0.2
Packages: +9
+++++++++
Progress: resolved 510, reused 427, downloaded 9, added 9, done

dependencies:
+ xlsx 0.18.5

Done in 6.2s
$ pnpm run lint


> shadcnui@ lint /workspace/shadcn-ui
> eslint --quiet ./src


/workspace/shadcn-ui/src/lib/excel-utils.ts
  35:60  error  Unexpected any. Specify a different type  @typescript-eslint/no-explicit-any

✖ 1 problem (1 error, 0 warnings)

 ELIFECYCLE  Command failed with exit code 1.
$ pnpm run lint


> shadcnui@ lint /workspace/shadcn-ui
> eslint --quiet ./src

$ pnpm run build


> shadcnui@ build /workspace/shadcn-ui
> vite build

vite v5.4.19 building for production...
transforming...
✓ 1728 modules transformed.
rendering chunks...
computing gzip size...
dist/index.html                   0.90 kB │ gzip:   0.45 kB
dist/assets/index-D_JD7Uwe.css   60.54 kB │ gzip:  10.68 kB
dist/assets/index-B2yRblBW.js   860.85 kB │ gzip: 276.59 kB

(!) Some chunks are larger than 500 kB after minification. Consider:
- Using dynamic import() to code-split the application
- Use build.rollupOptions.output.manualChunks to improve chunking: https://rollupjs.org/configuration-options/#output-manualchunks
- Adjust chunk size limit for this warning via build.chunkSizeWarningLimit.
✓ built in 6.65s
